============================= test session starts =============================
platform win32 -- Python 3.11.9, pytest-8.4.2, pluggy-1.6.0
rootdir: C:\Users\Aaron\Workspace2\course-creation-ai-agent-architecture
configfile: pytest.ini
plugins: anyio-4.12.1, asyncio-0.26.0, cov-7.0.0, env-1.2.0
asyncio: mode=Mode.STRICT, asyncio_default_fixture_loop_scope=function, asyncio_default_test_loop_scope=function
collected 49 items / 1 error

=================================== ERRORS ====================================
________________ ERROR collecting tests/e2e/test_server_e2e.py ________________
ImportError while importing test module 'C:\Users\Aaron\Workspace2\course-creation-ai-agent-architecture\tests\e2e\test_server_e2e.py'.
Hint: make sure your test modules/packages have valid Python names.
Traceback:
..\..\AppData\Local\Programs\Python\Python311\Lib\importlib\__init__.py:126: in import_module
    return _bootstrap._gcd_import(name[level:], package, level)
           ^^^^^^^^^^^^^^^^^^^^^^^^^^^^^^^^^^^^^^^^^^^^^^^^^^^^
tests\e2e\test_server_e2e.py:4: in <module>
    from domains.course_creator.orchestrator.server import create_app
domains\course_creator\orchestrator\server.py:9: in <module>
    from .agent import app as adk_app
domains\course_creator\orchestrator\agent.py:17: in <module>
    from schemas.models.protocol import ContentArticle, ContentSection
schemas\__init__.py:2: in <module>
    from .models.image_gen import ImageGenerationRequest as ImageGenerationRequest
schemas\models\__init__.py:3: in <module>
    from .protocol import (
E   ImportError: cannot import name 'AgentRequest' from 'schemas.models.protocol' (C:\Users\Aaron\Workspace2\course-creation-ai-agent-architecture\schemas\models\protocol.py)
=========================== short test summary info ===========================
ERROR tests/e2e/test_server_e2e.py
!!!!!!!!!!!!!!!!!!! Interrupted: 1 error during collection !!!!!!!!!!!!!!!!!!!!
============================== 1 error in 4.77s ===============================
